#-----------------------------------------------------------
# Vivado v2020.1 (64-bit)
# SW Build 2902540 on Wed May 27 19:54:49 MDT 2020
# IP Build 2902112 on Wed May 27 22:43:36 MDT 2020
# Start of session at: Wed Dec 30 16:57:23 2020
# Process ID: 5832
# Current directory: E:/school/EOS/Opdracht/EOS/Game/Game_final
# Command line: vivado.exe -gui_launcher_event rodinguilauncherevent9816 E:\school\EOS\Opdracht\EOS\Game\Game_final\Game_final.xpr
# Log file: E:/school/EOS/Opdracht/EOS/Game/Game_final/vivado.log
# Journal file: E:/school/EOS/Opdracht/EOS/Game/Game_final\vivado.jou
#-----------------------------------------------------------
start_gui
open_project E:/school/EOS/Opdracht/EOS/Game/Game_final/Game_final.xpr
open_bd_design {E:/school/EOS/Opdracht/EOS/Game/Game_final/Game_final.srcs/sources_1/bd/design_1/design_1.bd}
update_compile_order -fileset sources_1
report_ip_status -name ip_status 
upgrade_ip [get_ips  {design_1_clk_wiz_0_0 design_1_ps7_0_axi_periph_0}] -log ip_upgrade.log
export_ip_user_files -of_objects [get_ips {design_1_clk_wiz_0_0 design_1_ps7_0_axi_periph_0}] -no_script -sync -force -quiet
open_run impl_1
